ProgramData\Microsoft\Windows\Start Menu\Programs\Accessibility\Speech Recognition.lnk
ProgramData\Microsoft\Windows\Start Menu\Programs\Accessories\Math Input Panel.lnk
ProgramData\Microsoft\Windows\Start Menu\Programs\Accessories\Steps Recorder.lnk
ProgramData\Microsoft\Windows\Start Menu\Programs\Accessories\Wordpad.lnk
ProgramData\Microsoft\Windows\Start Menu\Programs\Accessories\System Tools\Character Map.lnk
ProgramData\Microsoft\Windows\Start Menu\Programs\Administrative Tools\ODBC Data Sources (64-bit).lnk
ProgramData\Microsoft\Windows\Start Menu\Programs\Administrative Tools\ODBC Data Sources (32-bit).lnk
Users\Default\AppData\Roaming\Microsoft\Windows\SendTo\Fax Recipient.lnk
Users\Default\AppData\Roaming\Microsoft\Windows\Start Menu\Programs\Accessibility\On-Screen Keyboard.lnk
Users\Default\AppData\Roaming\Microsoft\Windows\Start Menu\Programs\Accessibility\Narrator.lnk
Users\Default\AppData\Roaming\Microsoft\Windows\Start Menu\Programs\Accessibility\Magnify.lnk
Users\Default\AppData\Roaming\Microsoft\Windows\Start Menu\Programs\Windows PowerShell\Windows PowerShell.lnk
Users\Default\AppData\Roaming\Microsoft\Windows\Start Menu\Programs\Windows PowerShell\Windows PowerShell (x86).lnk
Users\Default\AppData\Roaming\Microsoft\Internet Explorer\Quick Launch\Window Switcher.lnk
Users\Default\AppData\Roaming\Microsoft\Windows\SendTo\Compressed (zipped) Folder.ZFSendToTarget
Users\Default\AppData\Roaming\Microsoft\Windows\SendTo\Mail Recipient.MAPIMail