Printing-Foundation-Features
Printing-Foundation-InternetPrinting-Client
WindowsMediaPlayer
MediaPlayback
Windows-Defender-Default-Definitions
Printing-PrintToPDFServices-Features
MSRDC-Infrastructure
NetFx4-AdvSrvs
WCF-Services45
WCF-TCP-PortSharing45
SearchEngine-Client-Package
WorkFolders-Client
SmbDirect
Printing-XPSServices-Features
TelnetClient
TIFFIFilter
LegacyComponents
DirectPlay
Windows-Identity-Foundation
MicrosoftWindowsPowerShellV2Root
MicrosoftWindowsPowerShellV2
NetFx4Extended-ASPNET45
WCF-HTTP-Activation45
WCF-TCP-Activation45
WCF-Pipe-Activation45
WCF-MSMQ-Activation45
IIS-WebServerRole
IIS-WebServer
IIS-CommonHttpFeatures
IIS-HttpErrors
IIS-HttpRedirect
IIS-ApplicationDevelopment
IIS-Security
IIS-RequestFiltering
IIS-NetFxExtensibility
IIS-NetFxExtensibility45
IIS-HealthAndDiagnostics
IIS-HttpLogging
IIS-LoggingLibraries
IIS-RequestMonitor
IIS-HttpTracing
IIS-URLAuthorization
IIS-IPSecurity
IIS-Performance
IIS-HttpCompressionDynamic
IIS-WebServerManagementTools
IIS-ManagementScriptingTools
IIS-IIS6ManagementCompatibility
IIS-Metabase
WAS-WindowsActivationService
WAS-ProcessModel
WAS-NetFxEnvironment
WAS-ConfigurationAPI
IIS-HostableWebCore
WCF-HTTP-Activation
WCF-NonHTTP-Activation
IIS-StaticContent
IIS-DefaultDocument
IIS-DirectoryBrowsing
IIS-WebDAV
IIS-WebSockets
IIS-ApplicationInit
IIS-ISAPIFilter
IIS-ISAPIExtensions
IIS-ASPNET
IIS-ASPNET45
IIS-ASP
IIS-CGI
IIS-ServerSideIncludes
IIS-CustomLogging
IIS-BasicAuthentication
IIS-HttpCompressionStatic
IIS-ManagementConsole
IIS-ManagementService
IIS-WMICompatibility
IIS-LegacyScripts
IIS-LegacySnapIn
IIS-FTPServer
IIS-FTPSvc
IIS-FTPExtensibility
MSMQ-Container
MSMQ-DCOMProxy
MSMQ-Server
MSMQ-ADIntegration
MSMQ-HTTP
MSMQ-Multicast
MSMQ-Triggers
IIS-CertProvider
IIS-WindowsAuthentication
IIS-DigestAuthentication
IIS-ClientCertificateMappingAuthentication
IIS-IISCertificateMappingAuthentication
IIS-ODBCLogging
NetFx3
SMB1Protocol-Deprecation
HostGuardian
AppServerClient
Printing-Foundation-LPDPrintService
Printing-Foundation-LPRPortMonitor
HypervisorPlatform
VirtualMachinePlatform
Microsoft-Windows-Subsystem-Linux
Client-ProjFS
Containers-DisposableClientVM
Microsoft-Hyper-V-All
Microsoft-Hyper-V
Microsoft-Hyper-V-Tools-All
Microsoft-Hyper-V-Management-PowerShell
Microsoft-Hyper-V-Hypervisor
Microsoft-Hyper-V-Services
Microsoft-Hyper-V-Management-Clients
Client-DeviceLockdown
Client-EmbeddedShellLauncher
Client-EmbeddedBootExp
Client-EmbeddedLogon
Client-KeyboardFilter
Client-UnifiedWriteFilter
DataCenterBridging
DirectoryServices-ADAM-Client
Windows-Defender-ApplicationGuard
ServicesForNFS-ClientOnly
ClientForNFS-Infrastructure
NFS-Administration
Containers
Containers-HNS
Containers-SDN
SMB1Protocol
SMB1Protocol-Server
MultiPoint-Connector
MultiPoint-Connector-Services
MultiPoint-Tools
TFTP
SimpleTCP
SMB1Protocol-Client